
> @msfs/unit-test-framework@1.0.0 test
> jest

node.exe : (node:24104) [DEP0040] DeprecationWarning: The `punycode` module is deprecated. Please use a userland 
alternative instead.
At C:\nvm4w\nodejs\npm.ps1:29 char:3
+   & $NODE_EXE $NPM_CLI_JS $args
+   ~~~~~~~~~~~~~~~~~~~~~~~~~~~~~
    + CategoryInfo          : NotSpecified: ((node:24104) [D...native instead.:String) [], RemoteException
    + FullyQualifiedErrorId : NativeCommandError
 
(Use `node --trace-deprecation ...` to show where the warning was created)
PASS tests/InputConfig.test.ts (15.267 s)
(node:37748) [DEP0040] DeprecationWarning: The `punycode` module is deprecated. Please use a userland alternative 
instead.
(Use `node --trace-deprecation ...` to show where the warning was created)
PASS tests/DischargeRateCalculator.test.ts (16.471 s)
FAIL tests/CloudDataProvider.test.ts
  ÔùÅ Test suite failed to run

    [96mtests/CloudDataProvider.test.ts[0m:[93m75[0m:[93m52[0m - [91merror[0m[90m TS2345: [0mArgument of 
type 'MockStormScopeMapManager' is not assignable to parameter of type 'StormScopeMapManager'.
      Type 'MockStormScopeMapManager' is missing the following properties from type 'StormScopeMapManager': 
compiledMap, mapProjection, mapSize, bus, and 21 more.

    [7m75[0m       provider = new DefaultCloudDataProvider(bus, mockMapManager);
    [7m  [0m [91m                                                   ~~~~~~~~~~~~~~[0m
    [96mtests/CloudDataProvider.test.ts[0m:[93m80[0m:[93m52[0m - [91merror[0m[90m TS2345: [0mArgument of 
type 'MockStormScopeMapManager' is not assignable to parameter of type 'StormScopeMapManager'.
      Type 'MockStormScopeMapManager' is missing the following properties from type 'StormScopeMapManager': 
compiledMap, mapProjection, mapSize, bus, and 21 more.

    [7m80[0m       provider = new DefaultCloudDataProvider(bus, mockMapManager);
    [7m  [0m [91m                                                   ~~~~~~~~~~~~~~[0m
    [96mtests/CloudDataProvider.test.ts[0m:[93m98[0m:[93m52[0m - [91merror[0m[90m TS2345: [0mArgument of 
type 'MockStormScopeMapManager' is not assignable to parameter of type 'StormScopeMapManager'.
      Type 'MockStormScopeMapManager' is missing the following properties from type 'StormScopeMapManager': 
compiledMap, mapProjection, mapSize, bus, and 21 more.

    [7m98[0m       provider = new DefaultCloudDataProvider(bus, mockMapManager);
    [7m  [0m [91m                                                   ~~~~~~~~~~~~~~[0m
    [96mtests/CloudDataProvider.test.ts[0m:[93m116[0m:[93m52[0m - [91merror[0m[90m TS2345: [0mArgument of 
type 'MockStormScopeMapManager' is not assignable to parameter of type 'StormScopeMapManager'.
      Type 'MockStormScopeMapManager' is missing the following properties from type 'StormScopeMapManager': 
compiledMap, mapProjection, mapSize, bus, and 21 more.

    [7m116[0m       provider = new DefaultCloudDataProvider(bus, mockMapManager);
    [7m   [0m [91m                                                   ~~~~~~~~~~~~~~[0m
    [96mtests/CloudDataProvider.test.ts[0m:[93m129[0m:[93m52[0m - [91merror[0m[90m TS2345: [0mArgument of 
type 'MockStormScopeMapManager' is not assignable to parameter of type 'StormScopeMapManager'.
      Type 'MockStormScopeMapManager' is missing the following properties from type 'StormScopeMapManager': 
compiledMap, mapProjection, mapSize, bus, and 21 more.

    [7m129[0m       provider = new DefaultCloudDataProvider(bus, mockMapManager, {
    [7m   [0m [91m                                                   ~~~~~~~~~~~~~~[0m
    [96mtests/CloudDataProvider.test.ts[0m:[93m150[0m:[93m52[0m - [91merror[0m[90m TS2345: [0mArgument of 
type 'MockStormScopeMapManager' is not assignable to parameter of type 'StormScopeMapManager'.
      Type 'MockStormScopeMapManager' is missing the following properties from type 'StormScopeMapManager': 
compiledMap, mapProjection, mapSize, bus, and 21 more.

    [7m150[0m       provider = new DefaultCloudDataProvider(bus, mockMapManager, { updateInterval: 100 });
    [7m   [0m [91m                                                   ~~~~~~~~~~~~~~[0m
    [96mtests/CloudDataProvider.test.ts[0m:[93m176[0m:[93m52[0m - [91merror[0m[90m TS2345: [0mArgument of 
type 'MockStormScopeMapManager' is not assignable to parameter of type 'StormScopeMapManager'.
      Type 'MockStormScopeMapManager' is missing the following properties from type 'StormScopeMapManager': 
compiledMap, mapProjection, mapSize, bus, and 21 more.

    [7m176[0m       provider = new DefaultCloudDataProvider(bus, mockMapManager, { updateInterval: 100 });
    [7m   [0m [91m                                                   ~~~~~~~~~~~~~~[0m
    [96mtests/CloudDataProvider.test.ts[0m:[93m207[0m:[93m52[0m - [91merror[0m[90m TS2345: [0mArgument of 
type 'MockStormScopeMapManager' is not assignable to parameter of type 'StormScopeMapManager'.
      Type 'MockStormScopeMapManager' is missing the following properties from type 'StormScopeMapManager': 
compiledMap, mapProjection, mapSize, bus, and 21 more.

    [7m207[0m       provider = new DefaultCloudDataProvider(bus, mockMapManager, { gridSize: 10 });
    [7m   [0m [91m                                                   ~~~~~~~~~~~~~~[0m
    [96mtests/CloudDataProvider.test.ts[0m:[93m226[0m:[93m52[0m - [91merror[0m[90m TS2345: [0mArgument of 
type 'MockStormScopeMapManager' is not assignable to parameter of type 'StormScopeMapManager'.
      Type 'MockStormScopeMapManager' is missing the following properties from type 'StormScopeMapManager': 
compiledMap, mapProjection, mapSize, bus, and 21 more.

    [7m226[0m       provider = new DefaultCloudDataProvider(bus, mockMapManager);
    [7m   [0m [91m                                                   ~~~~~~~~~~~~~~[0m
    [96mtests/CloudDataProvider.test.ts[0m:[93m240[0m:[93m52[0m - [91merror[0m[90m TS2345: [0mArgument of 
type 'MockStormScopeMapManager' is not assignable to parameter of type 'StormScopeMapManager'.
      Type 'MockStormScopeMapManager' is missing the following properties from type 'StormScopeMapManager': 
compiledMap, mapProjection, mapSize, bus, and 21 more.

    [7m240[0m       provider = new DefaultCloudDataProvider(bus, mockMapManager, { updateInterval: 50 }); // Faster 
for testing
    [7m   [0m [91m                                                   ~~~~~~~~~~~~~~[0m
    [96mtests/CloudDataProvider.test.ts[0m:[93m278[0m:[93m52[0m - [91merror[0m[90m TS2345: [0mArgument of 
type 'MockStormScopeMapManager' is not assignable to parameter of type 'StormScopeMapManager'.
      Type 'MockStormScopeMapManager' is missing the following properties from type 'StormScopeMapManager': 
compiledMap, mapProjection, mapSize, bus, and 21 more.

    [7m278[0m       provider = new DefaultCloudDataProvider(bus, mockMapManager);
    [7m   [0m [91m                                                   ~~~~~~~~~~~~~~[0m
    [96mtests/CloudDataProvider.test.ts[0m:[93m296[0m:[93m52[0m - [91merror[0m[90m TS2345: [0mArgument of 
type 'MockStormScopeMapManager' is not assignable to parameter of type 'StormScopeMapManager'.
      Type 'MockStormScopeMapManager' is missing the following properties from type 'StormScopeMapManager': 
compiledMap, mapProjection, mapSize, bus, and 21 more.

    [7m296[0m       provider = new DefaultCloudDataProvider(bus, mockMapManager);
    [7m   [0m [91m                                                   ~~~~~~~~~~~~~~[0m
    [96mtests/CloudDataProvider.test.ts[0m:[93m314[0m:[93m52[0m - [91merror[0m[90m TS2345: [0mArgument of 
type 'MockStormScopeMapManager' is not assignable to parameter of type 'StormScopeMapManager'.
      Type 'MockStormScopeMapManager' is missing the following properties from type 'StormScopeMapManager': 
compiledMap, mapProjection, mapSize, bus, and 21 more.

    [7m314[0m       provider = new DefaultCloudDataProvider(bus, mockMapManager);
    [7m   [0m [91m                                                   ~~~~~~~~~~~~~~[0m
    [96mtests/CloudDataProvider.test.ts[0m:[93m332[0m:[93m52[0m - [91merror[0m[90m TS2345: [0mArgument of 
type 'MockStormScopeMapManager' is not assignable to parameter of type 'StormScopeMapManager'.
      Type 'MockStormScopeMapManager' is missing the following properties from type 'StormScopeMapManager': 
compiledMap, mapProjection, mapSize, bus, and 21 more.

    [7m332[0m       provider = new DefaultCloudDataProvider(bus, mockMapManager);
    [7m   [0m [91m                                                   ~~~~~~~~~~~~~~[0m
    [96mtests/CloudDataProvider.test.ts[0m:[93m350[0m:[93m52[0m - [91merror[0m[90m TS2345: [0mArgument of 
type 'MockStormScopeMapManager' is not assignable to parameter of type 'StormScopeMapManager'.
      Type 'MockStormScopeMapManager' is missing the following properties from type 'StormScopeMapManager': 
compiledMap, mapProjection, mapSize, bus, and 21 more.

    [7m350[0m       provider = new DefaultCloudDataProvider(bus, mockMapManager);
    [7m   [0m [91m                                                   ~~~~~~~~~~~~~~[0m
    [96mtests/CloudDataProvider.test.ts[0m:[93m373[0m:[93m52[0m - [91merror[0m[90m TS2345: [0mArgument of 
type 'MockStormScopeMapManager' is not assignable to parameter of type 'StormScopeMapManager'.
      Type 'MockStormScopeMapManager' is missing the following properties from type 'StormScopeMapManager': 
compiledMap, mapProjection, mapSize, bus, and 21 more.

    [7m373[0m       provider = new DefaultCloudDataProvider(bus, mockMapManager);
    [7m   [0m [91m                                                   ~~~~~~~~~~~~~~[0m
    [96mtests/CloudDataProvider.test.ts[0m:[93m394[0m:[93m52[0m - [91merror[0m[90m TS2345: [0mArgument of 
type 'MockStormScopeMapManager' is not assignable to parameter of type 'StormScopeMapManager'.
      Type 'MockStormScopeMapManager' is missing the following properties from type 'StormScopeMapManager': 
compiledMap, mapProjection, mapSize, bus, and 21 more.

    [7m394[0m       provider = new DefaultCloudDataProvider(bus, mockMapManager);
    [7m   [0m [91m                                                   ~~~~~~~~~~~~~~[0m
    [96mtests/CloudDataProvider.test.ts[0m:[93m413[0m:[93m52[0m - [91merror[0m[90m TS2345: [0mArgument of 
type 'MockStormScopeMapManager' is not assignable to parameter of type 'StormScopeMapManager'.
      Type 'MockStormScopeMapManager' is missing the following properties from type 'StormScopeMapManager': 
compiledMap, mapProjection, mapSize, bus, and 21 more.

    [7m413[0m       provider = new DefaultCloudDataProvider(bus, mockMapManager);
    [7m   [0m [91m                                                   ~~~~~~~~~~~~~~[0m
    [96mtests/CloudDataProvider.test.ts[0m:[93m456[0m:[93m52[0m - [91merror[0m[90m TS2345: [0mArgument of 
type 'MockStormScopeMapManager' is not assignable to parameter of type 'StormScopeMapManager'.
      Type 'MockStormScopeMapManager' is missing the following properties from type 'StormScopeMapManager': 
compiledMap, mapProjection, mapSize, bus, and 21 more.

    [7m456[0m       provider = new DefaultCloudDataProvider(bus, mockMapManager);
    [7m   [0m [91m                                                   ~~~~~~~~~~~~~~[0m
    [96mtests/CloudDataProvider.test.ts[0m:[93m498[0m:[93m52[0m - [91merror[0m[90m TS2345: [0mArgument of 
type 'MockStormScopeMapManager' is not assignable to parameter of type 'StormScopeMapManager'.
      Type 'MockStormScopeMapManager' is missing the following properties from type 'StormScopeMapManager': 
compiledMap, mapProjection, mapSize, bus, and 21 more.

    [7m498[0m       provider = new DefaultCloudDataProvider(bus, mockMapManager);
    [7m   [0m [91m                                                   ~~~~~~~~~~~~~~[0m
    [96mtests/CloudDataProvider.test.ts[0m:[93m515[0m:[93m52[0m - [91merror[0m[90m TS2345: [0mArgument of 
type 'MockStormScopeMapManager' is not assignable to parameter of type 'StormScopeMapManager'.
      Type 'MockStormScopeMapManager' is missing the following properties from type 'StormScopeMapManager': 
compiledMap, mapProjection, mapSize, bus, and 21 more.

    [7m515[0m       provider = new DefaultCloudDataProvider(bus, mockMapManager, { gridSize: 2 });
    [7m   [0m [91m                                                   ~~~~~~~~~~~~~~[0m
    [96mtests/CloudDataProvider.test.ts[0m:[93m536[0m:[93m52[0m - [91merror[0m[90m TS2345: [0mArgument of 
type 'MockStormScopeMapManager' is not assignable to parameter of type 'StormScopeMapManager'.
      Type 'MockStormScopeMapManager' is missing the following properties from type 'StormScopeMapManager': 
compiledMap, mapProjection, mapSize, bus, and 21 more.

    [7m536[0m       provider = new DefaultCloudDataProvider(bus, mockMapManager);
    [7m   [0m [91m                                                   ~~~~~~~~~~~~~~[0m
    [96mtests/CloudDataProvider.test.ts[0m:[93m561[0m:[93m52[0m - [91merror[0m[90m TS2345: [0mArgument of 
type 'MockStormScopeMapManager' is not assignable to parameter of type 'StormScopeMapManager'.
      Type 'MockStormScopeMapManager' is missing the following properties from type 'StormScopeMapManager': 
compiledMap, mapProjection, mapSize, bus, and 21 more.

    [7m561[0m       provider = new DefaultCloudDataProvider(bus, mockMapManager);
    [7m   [0m [91m                                                   ~~~~~~~~~~~~~~[0m
    [96mtests/CloudDataProvider.test.ts[0m:[93m576[0m:[93m52[0m - [91merror[0m[90m TS2345: [0mArgument of 
type 'MockStormScopeMapManager' is not assignable to parameter of type 'StormScopeMapManager'.
      Type 'MockStormScopeMapManager' is missing the following properties from type 'StormScopeMapManager': 
compiledMap, mapProjection, mapSize, bus, and 21 more.

    [7m576[0m       provider = new DefaultCloudDataProvider(bus, mockMapManager, { updateInterval: 100 });
    [7m   [0m [91m                                                   ~~~~~~~~~~~~~~[0m

(node:17228) [DEP0040] DeprecationWarning: The `punycode` module is deprecated. Please use a userland alternative 
instead.
(Use `node --trace-deprecation ...` to show where the warning was created)
FAIL tests/debug.test.ts
  ÔùÅ Test suite failed to run

    [96mtests/debug.test.ts[0m:[93m20[0m:[93m71[0m - [91merror[0m[90m TS2345: [0mArgument of type '{}' is 
not assignable to parameter of type 'AircraftSymbolProps'.
      Property 'viewMode' is missing in type '{}' but required in type 'AircraftSymbolProps'.

    [7m20[0m     const { element, vnode } = helper.renderComponent(AircraftSymbol, {});
    [7m  [0m [91m                                                                      ~~[0m

      [96m../html_ui/stormscope/components/AircraftSymbol.tsx[0m:[93m9[0m:[93m3[0m
        [7m9[0m   viewMode: Subscribable<'120' | '360'>;
        [7m [0m [96m  ~~~~~~~~[0m
        'viewMode' is declared here.

(node:29812) [DEP0040] DeprecationWarning: The `punycode` module is deprecated. Please use a userland alternative 
instead.
(Use `node --trace-deprecation ...` to show where the warning was created)
(node:19204) [DEP0040] DeprecationWarning: The `punycode` module is deprecated. Please use a userland alternative 
instead.
(Use `node --trace-deprecation ...` to show where the warning was created)
PASS tests/RangeManager.test.ts (21.411 s)
(node:4240) [DEP0040] DeprecationWarning: The `punycode` module is deprecated. Please use a userland alternative 
instead.
(Use `node --trace-deprecation ...` to show where the warning was created)
PASS tests/DisplayModeManager.test.ts (21.383 s)
(node:38148) [DEP0040] DeprecationWarning: The `punycode` module is deprecated. Please use a userland alternative 
instead.
(Use `node --trace-deprecation ...` to show where the warning was created)
(node:26664) [DEP0040] DeprecationWarning: The `punycode` module is deprecated. Please use a userland alternative 
instead.
(Use `node --trace-deprecation ...` to show where the warning was created)
PASS tests/BrightnessManager.test.ts (22 s)
(node:1016) [DEP0040] DeprecationWarning: The `punycode` module is deprecated. Please use a userland alternative 
instead.
(Use `node --trace-deprecation ...` to show where the warning was created)
PASS tests/DischargePoints.test.ts (22.433 s)
(node:38884) [DEP0040] DeprecationWarning: The `punycode` module is deprecated. Please use a userland alternative 
instead.
(Use `node --trace-deprecation ...` to show where the warning was created)
(node:33996) [DEP0040] DeprecationWarning: The `punycode` module is deprecated. Please use a userland alternative 
instead.
(Use `node --trace-deprecation ...` to show where the warning was created)
(node:11360) [DEP0040] DeprecationWarning: The `punycode` module is deprecated. Please use a userland alternative 
instead.
(Use `node --trace-deprecation ...` to show where the warning was created)
(node:12128) [DEP0040] DeprecationWarning: The `punycode` module is deprecated. Please use a userland alternative 
instead.
(Use `node --trace-deprecation ...` to show where the warning was created)
PASS tests/example.test.ts (22.602 s)
PASS tests/StormCells.test.ts (22.615 s)
FAIL tests/HeadingIndicator.test.ts (23.332 s)
  ÔùÅ HeadingIndicator Component ÔÇ║ Rendering ÔÇ║ should render outer ring

    expect(received).toBeTruthy()

    Received: null

      42 |
      43 |       const ring = helper.querySelectorSVG('circle.heading-ring');
    > 44 |       expect(ring).toBeTruthy();
         |                    ^
      45 |       expect(parseFloat(ring?.getAttribute('r') || '0')).toBe(190);
      46 |     });
      47 |

      at Object.<anonymous> (tests/HeadingIndicator.test.ts:44:20)

  ÔùÅ HeadingIndicator Component ÔÇ║ Rendering ÔÇ║ should render 8 azimuth markers

    expect(received).toBe(expected) // Object.is equality

    Expected: 8
    Received: 0

      53 |
      54 |       const markers = helper.querySelectorAllSVG('line.azimuth-marker');
    > 55 |       expect(markers.length).toBe(8);
         |                              ^
      56 |     });
      57 |
      58 |     test('should render heading arrow', () => {

      at Object.<anonymous> (tests/HeadingIndicator.test.ts:55:30)

  ÔùÅ HeadingIndicator Component ÔÇ║ Rendering ÔÇ║ should render heading arrow

    expect(received).toBeTruthy()

    Received: null

      63 |
      64 |       const arrow = helper.querySelectorSVG('polygon.heading-arrow');
    > 65 |       expect(arrow).toBeTruthy();
         |                     ^
      66 |     });
      67 |   });
      68 |

      at Object.<anonymous> (tests/HeadingIndicator.test.ts:65:21)

  ÔùÅ HeadingIndicator Component ÔÇ║ Heading Updates ÔÇ║ should update arrow position when heading changes

    expect(received).toContain(expected) // indexOf

    Expected substring: "rotate(0)"
    Received string:    ""

      136 |       let arrow = helper.querySelectorSVG('#heading-arrow');
      137 |       let transform = arrow?.getAttribute('transform') || '';
    > 138 |       expect(transform).toContain('rotate(0)');
          |                         ^
      139 |
      140 |       // Change heading to 90┬░ (East)
      141 |       headingSubject.set(90);

      at Object.<anonymous> (tests/HeadingIndicator.test.ts:138:25)

  ÔùÅ HeadingIndicator Component ÔÇ║ Heading Updates ÔÇ║ should position arrow correctly for different headings

    expect(received).toContain(expected) // indexOf

    Expected substring: "translate("
    Received string:    ""

      161 |       
      162 |       // Should contain translate with calculated position and rotation
    > 163 |       expect(transform).toContain('translate(');
          |                         ^
      164 |       expect(transform).toContain('rotate(45)');
      165 |     });
      166 |   });

      at Object.<anonymous> (tests/HeadingIndicator.test.ts:163:25)

  ÔùÅ HeadingIndicator Component ÔÇ║ Azimuth Markers ÔÇ║ should have markers at correct bearings

    expect(received).toBe(expected) // Object.is equality

    Expected: 8
    Received: 0

      176 |       const markers = helper.querySelectorAllSVG('line.azimuth-marker');
      177 |       
    > 178 |       expect(markers.length).toBe(8);
          |                              ^
      179 |       
      180 |       expectedBearings.forEach(bearing => {
      181 |         const marker = Array.from(markers).find(m => 

      at Object.<anonymous> (tests/HeadingIndicator.test.ts:178:30)

PASS tests/SelfTestSystem.test.ts (23.377 s)
  ÔùÅ Console

    console.info
      [SelfTestSystem] Starting self-test sequence

      at SelfTestSystem.start (../html_ui/stormscope/systems/SelfTestSystem.ts:94:13)

    console.info
      [SelfTestSystem] Stopping self-test sequence

      at SelfTestSystem.stop (../html_ui/stormscope/systems/SelfTestSystem.ts:116:13)

    console.info
      [SelfTestSystem] Starting self-test sequence

      at SelfTestSystem.start (../html_ui/stormscope/systems/SelfTestSystem.ts:94:13)

    console.info
      [SelfTestSystem] Stopping self-test sequence

      at SelfTestSystem.stop (../html_ui/stormscope/systems/SelfTestSystem.ts:116:13)

    console.info
      [SelfTestSystem] Starting self-test sequence

      at SelfTestSystem.start (../html_ui/stormscope/systems/SelfTestSystem.ts:94:13)

    console.info
      [SelfTestSystem] Stopping self-test sequence

      at SelfTestSystem.stop (../html_ui/stormscope/systems/SelfTestSystem.ts:116:13)

    console.info
      [SelfTestSystem] Starting self-test sequence

      at SelfTestSystem.start (../html_ui/stormscope/systems/SelfTestSystem.ts:94:13)

    console.info
      [SelfTestSystem] Stopping self-test sequence

      at SelfTestSystem.stop (../html_ui/stormscope/systems/SelfTestSystem.ts:116:13)

    console.info
      [SelfTestSystem] Starting self-test sequence

      at SelfTestSystem.start (../html_ui/stormscope/systems/SelfTestSystem.ts:94:13)

    console.info
      [SelfTestSystem] Self-test completed successfully

      at SelfTestSystem.completeTest (../html_ui/stormscope/systems/SelfTestSystem.ts:261:13)

    console.info
      [SelfTestSystem] Starting self-test sequence

      at SelfTestSystem.start (../html_ui/stormscope/systems/SelfTestSystem.ts:94:13)

    console.info
      [SelfTestSystem] Stopping self-test sequence

      at SelfTestSystem.stop (../html_ui/stormscope/systems/SelfTestSystem.ts:116:13)

    console.info
      [SelfTestSystem] Starting self-test sequence

      at SelfTestSystem.start (../html_ui/stormscope/systems/SelfTestSystem.ts:94:13)

    console.info
      [SelfTestSystem] Stopping self-test sequence

      at SelfTestSystem.stop (../html_ui/stormscope/systems/SelfTestSystem.ts:116:13)

    console.info
      [SelfTestSystem] Starting self-test sequence

      at SelfTestSystem.start (../html_ui/stormscope/systems/SelfTestSystem.ts:94:13)

    console.info
      [SelfTestSystem] Stopping self-test sequence

      at SelfTestSystem.stop (../html_ui/stormscope/systems/SelfTestSystem.ts:116:13)

    console.info
      [SelfTestSystem] Starting self-test sequence

      at SelfTestSystem.start (../html_ui/stormscope/systems/SelfTestSystem.ts:94:13)

    console.info
      [SelfTestSystem] Self-test completed successfully

      at SelfTestSystem.completeTest (../html_ui/stormscope/systems/SelfTestSystem.ts:261:13)

    console.info
      [SelfTestSystem] Starting self-test sequence

      at SelfTestSystem.start (../html_ui/stormscope/systems/SelfTestSystem.ts:94:13)

    console.info
      [SelfTestSystem] Stopping self-test sequence

      at SelfTestSystem.stop (../html_ui/stormscope/systems/SelfTestSystem.ts:116:13)

FAIL tests/AircraftSymbol.test.ts
  ÔùÅ Test suite failed to run

    [96m../html_ui/stormscope/components/AircraftSymbol.tsx[0m:[93m21[0m:[93m40[0m - [91merror[0m[90m TS2347: 
[0mUntyped function calls may not accept type arguments.

    [7m21[0m   private readonly aircraftSymbolRef = FSComponent.createRef<SVGGElement>();
    [7m  [0m [91m                                       ~~~~~~~~~~~~~~~~~~~~~~~~~~~~~~~~~~~~[0m

(node:29232) [DEP0040] DeprecationWarning: The `punycode` module is deprecated. Please use a userland alternative 
instead.
(Use `node --trace-deprecation ...` to show where the warning was created)
FAIL tests/RangeRings.test.ts
  ÔùÅ Test suite failed to run

    [96m../html_ui/stormscope/components/RangeRings.tsx[0m:[93m211[0m:[93m50[0m - [91merror[0m[90m TS2339: 
[0mProperty 'get' does not exist on type 'Subscribable<number>'.

    [7m211[0m     const currentRange = this.props.currentRange.get();
    [7m   [0m [91m                                                 ~~~[0m

(node:11856) [DEP0040] DeprecationWarning: The `punycode` module is deprecated. Please use a userland alternative 
instead.
(Use `node --trace-deprecation ...` to show where the warning was created)
FAIL tests/debug-refs.test.ts
  ÔùÅ Test suite failed to run

    [96m../html_ui/stormscope/components/RangeRings.tsx[0m:[93m211[0m:[93m50[0m - [91merror[0m[90m TS2339: 
[0mProperty 'get' does not exist on type 'Subscribable<number>'.

    [7m211[0m     const currentRange = this.props.currentRange.get();
    [7m   [0m [91m                                                 ~~~[0m

(node:4032) [DEP0040] DeprecationWarning: The `punycode` module is deprecated. Please use a userland alternative 
instead.
(Use `node --trace-deprecation ...` to show where the warning was created)
FAIL tests/RangeRings-simple.test.ts
  ÔùÅ Test suite failed to run

    [96m../html_ui/stormscope/components/RangeRings.tsx[0m:[93m211[0m:[93m50[0m - [91merror[0m[90m TS2339: 
[0mProperty 'get' does not exist on type 'Subscribable<number>'.

    [7m211[0m     const currentRange = this.props.currentRange.get();
    [7m   [0m [91m                                                 ~~~[0m

(node:18480) [DEP0040] DeprecationWarning: The `punycode` module is deprecated. Please use a userland alternative 
instead.
(Use `node --trace-deprecation ...` to show where the warning was created)
PASS tests/StormDetectionEngine.test.ts (27.47 s)
  ÔùÅ Console

    console.info
      [StormDetectionEngine] Initializing...

      at DefaultStormDetectionEngine.init (../html_ui/stormscope/engines/StormDetectionEngine.ts:54:13)

    console.info
      [StormDetectionEngine] Pausing detection

      at DefaultStormDetectionEngine.pause (../html_ui/stormscope/engines/StormDetectionEngine.ts:81:13)

    console.info
      [StormDetectionEngine] Clearing all discharge points

      at DefaultStormDetectionEngine.clearAllPoints (../html_ui/stormscope/engines/StormDetectionEngine.ts:113:13)

    console.info
      [StormDetectionEngine] Destroyed

      at DefaultStormDetectionEngine.destroy (../html_ui/stormscope/engines/StormDetectionEngine.ts:124:13)

    console.info
      [StormDetectionEngine] Initializing...

      at DefaultStormDetectionEngine.init (../html_ui/stormscope/engines/StormDetectionEngine.ts:54:13)

    console.info
      [StormDetectionEngine] Pausing detection

      at DefaultStormDetectionEngine.pause (../html_ui/stormscope/engines/StormDetectionEngine.ts:81:13)

    console.info
      [StormDetectionEngine] Clearing all discharge points

      at DefaultStormDetectionEngine.clearAllPoints (../html_ui/stormscope/engines/StormDetectionEngine.ts:113:13)

    console.info
      [StormDetectionEngine] Destroyed

      at DefaultStormDetectionEngine.destroy (../html_ui/stormscope/engines/StormDetectionEngine.ts:124:13)

    console.info
      [StormDetectionEngine] Initializing...

      at DefaultStormDetectionEngine.init (../html_ui/stormscope/engines/StormDetectionEngine.ts:54:13)

    console.info
      [StormDetectionEngine] Pausing detection

      at DefaultStormDetectionEngine.pause (../html_ui/stormscope/engines/StormDetectionEngine.ts:81:13)

    console.info
      [StormDetectionEngine] Clearing all discharge points

      at DefaultStormDetectionEngine.clearAllPoints (../html_ui/stormscope/engines/StormDetectionEngine.ts:113:13)

    console.info
      [StormDetectionEngine] Destroyed

      at DefaultStormDetectionEngine.destroy (../html_ui/stormscope/engines/StormDetectionEngine.ts:124:13)

    console.info
      [StormDetectionEngine] Initializing...

      at DefaultStormDetectionEngine.init (../html_ui/stormscope/engines/StormDetectionEngine.ts:54:13)

    console.info
      [StormDetectionEngine] Pausing detection

      at DefaultStormDetectionEngine.pause (../html_ui/stormscope/engines/StormDetectionEngine.ts:81:13)

    console.info
      [StormDetectionEngine] Clearing all discharge points

      at DefaultStormDetectionEngine.clearAllPoints (../html_ui/stormscope/engines/StormDetectionEngine.ts:113:13)

    console.info
      [StormDetectionEngine] Destroyed

      at DefaultStormDetectionEngine.destroy (../html_ui/stormscope/engines/StormDetectionEngine.ts:124:13)

    console.info
      [StormDetectionEngine] Initializing...

      at DefaultStormDetectionEngine.init (../html_ui/stormscope/engines/StormDetectionEngine.ts:54:13)

    console.info
      [StormDetectionEngine] Pausing detection

      at DefaultStormDetectionEngine.pause (../html_ui/stormscope/engines/StormDetectionEngine.ts:81:13)

    console.info
      [StormDetectionEngine] Clearing all discharge points

      at DefaultStormDetectionEngine.clearAllPoints (../html_ui/stormscope/engines/StormDetectionEngine.ts:113:13)

    console.info
      [StormDetectionEngine] Destroyed

      at DefaultStormDetectionEngine.destroy (../html_ui/stormscope/engines/StormDetectionEngine.ts:124:13)

    console.info
      [StormDetectionEngine] Initializing...

      at DefaultStormDetectionEngine.init (../html_ui/stormscope/engines/StormDetectionEngine.ts:54:13)

    console.info
      [StormDetectionEngine] Pausing detection

      at DefaultStormDetectionEngine.pause (../html_ui/stormscope/engines/StormDetectionEngine.ts:81:13)

    console.info
      [StormDetectionEngine] Resuming detection

      at DefaultStormDetectionEngine.resume (../html_ui/stormscope/engines/StormDetectionEngine.ts:69:15)

    console.info
      [StormDetectionEngine] Pausing detection

      at DefaultStormDetectionEngine.pause (../html_ui/stormscope/engines/StormDetectionEngine.ts:81:13)

    console.info
      [StormDetectionEngine] Clearing all discharge points

      at DefaultStormDetectionEngine.clearAllPoints (../html_ui/stormscope/engines/StormDetectionEngine.ts:113:13)

    console.info
      [StormDetectionEngine] Destroyed

      at DefaultStormDetectionEngine.destroy (../html_ui/stormscope/engines/StormDetectionEngine.ts:124:13)

    console.info
      [StormDetectionEngine] Initializing...

      at DefaultStormDetectionEngine.init (../html_ui/stormscope/engines/StormDetectionEngine.ts:54:13)

    console.info
      [StormDetectionEngine] Pausing detection

      at DefaultStormDetectionEngine.pause (../html_ui/stormscope/engines/StormDetectionEngine.ts:81:13)

    console.info
      [StormDetectionEngine] Clearing all discharge points

      at DefaultStormDetectionEngine.clearAllPoints (../html_ui/stormscope/engines/StormDetectionEngine.ts:113:13)

    console.info
      [StormDetectionEngine] Destroyed

      at DefaultStormDetectionEngine.destroy (../html_ui/stormscope/engines/StormDetectionEngine.ts:124:13)

    console.info
      [StormDetectionEngine] Initializing...

      at DefaultStormDetectionEngine.init (../html_ui/stormscope/engines/StormDetectionEngine.ts:54:13)

    console.info
      [StormDetectionEngine] Pausing detection

      at DefaultStormDetectionEngine.pause (../html_ui/stormscope/engines/StormDetectionEngine.ts:81:13)

    console.info
      [StormDetectionEngine] Clearing all discharge points

      at DefaultStormDetectionEngine.clearAllPoints (../html_ui/stormscope/engines/StormDetectionEngine.ts:113:13)

    console.info
      [StormDetectionEngine] Destroyed

      at DefaultStormDetectionEngine.destroy (../html_ui/stormscope/engines/StormDetectionEngine.ts:124:13)

    console.info
      [StormDetectionEngine] Initializing...

      at DefaultStormDetectionEngine.init (../html_ui/stormscope/engines/StormDetectionEngine.ts:54:13)

    console.info
      [StormDetectionEngine] Pausing detection

      at DefaultStormDetectionEngine.pause (../html_ui/stormscope/engines/StormDetectionEngine.ts:81:13)

    console.info
      [StormDetectionEngine] Clearing all discharge points

      at DefaultStormDetectionEngine.clearAllPoints (../html_ui/stormscope/engines/StormDetectionEngine.ts:113:13)

    console.info
      [StormDetectionEngine] Destroyed

      at DefaultStormDetectionEngine.destroy (../html_ui/stormscope/engines/StormDetectionEngine.ts:124:13)

    console.info
      [StormDetectionEngine] Initializing...

      at DefaultStormDetectionEngine.init (../html_ui/stormscope/engines/StormDetectionEngine.ts:54:13)

    console.info
      [StormDetectionEngine] Clearing all discharge points

      at DefaultStormDetectionEngine.clearAllPoints (../html_ui/stormscope/engines/StormDetectionEngine.ts:113:13)

    console.info
      [StormDetectionEngine] Pausing detection

      at DefaultStormDetectionEngine.pause (../html_ui/stormscope/engines/StormDetectionEngine.ts:81:13)

    console.info
      [StormDetectionEngine] Clearing all discharge points

      at DefaultStormDetectionEngine.clearAllPoints (../html_ui/stormscope/engines/StormDetectionEngine.ts:113:13)

    console.info
      [StormDetectionEngine] Destroyed

      at DefaultStormDetectionEngine.destroy (../html_ui/stormscope/engines/StormDetectionEngine.ts:124:13)

    console.info
      [StormDetectionEngine] Initializing...

      at DefaultStormDetectionEngine.init (../html_ui/stormscope/engines/StormDetectionEngine.ts:54:13)

    console.info
      [StormDetectionEngine] Pausing detection

      at DefaultStormDetectionEngine.pause (../html_ui/stormscope/engines/StormDetectionEngine.ts:81:13)

    console.info
      [StormDetectionEngine] Clearing all discharge points

      at DefaultStormDetectionEngine.clearAllPoints (../html_ui/stormscope/engines/StormDetectionEngine.ts:113:13)

    console.info
      [StormDetectionEngine] Destroyed

      at DefaultStormDetectionEngine.destroy (../html_ui/stormscope/engines/StormDetectionEngine.ts:124:13)

    console.info
      [StormDetectionEngine] Initializing...

      at DefaultStormDetectionEngine.init (../html_ui/stormscope/engines/StormDetectionEngine.ts:54:13)

    console.info
      [StormDetectionEngine] Pausing detection

      at DefaultStormDetectionEngine.pause (../html_ui/stormscope/engines/StormDetectionEngine.ts:81:13)

    console.info
      [StormDetectionEngine] Clearing all discharge points

      at DefaultStormDetectionEngine.clearAllPoints (../html_ui/stormscope/engines/StormDetectionEngine.ts:113:13)

    console.info
      [StormDetectionEngine] Destroyed

      at DefaultStormDetectionEngine.destroy (../html_ui/stormscope/engines/StormDetectionEngine.ts:124:13)

    console.info
      [StormDetectionEngine] Initializing...

      at DefaultStormDetectionEngine.init (../html_ui/stormscope/engines/StormDetectionEngine.ts:54:13)

    console.info
      [StormDetectionEngine] Pausing detection

      at DefaultStormDetectionEngine.pause (../html_ui/stormscope/engines/StormDetectionEngine.ts:81:13)

    console.info
      [StormDetectionEngine] Clearing all discharge points

      at DefaultStormDetectionEngine.clearAllPoints (../html_ui/stormscope/engines/StormDetectionEngine.ts:113:13)

    console.info
      [StormDetectionEngine] Destroyed

      at DefaultStormDetectionEngine.destroy (../html_ui/stormscope/engines/StormDetectionEngine.ts:124:13)

    console.info
      [StormDetectionEngine] Initializing...

      at DefaultStormDetectionEngine.init (../html_ui/stormscope/engines/StormDetectionEngine.ts:54:13)

    console.info
      [StormDetectionEngine] Pausing detection

      at DefaultStormDetectionEngine.pause (../html_ui/stormscope/engines/StormDetectionEngine.ts:81:13)

    console.info
      [StormDetectionEngine] Clearing all discharge points

      at DefaultStormDetectionEngine.clearAllPoints (../html_ui/stormscope/engines/StormDetectionEngine.ts:113:13)

    console.info
      [StormDetectionEngine] Destroyed

      at DefaultStormDetectionEngine.destroy (../html_ui/stormscope/engines/StormDetectionEngine.ts:124:13)

    console.info
      [StormDetectionEngine] Initializing...

      at DefaultStormDetectionEngine.init (../html_ui/stormscope/engines/StormDetectionEngine.ts:54:13)

    console.info
      [StormDetectionEngine] Pausing detection

      at DefaultStormDetectionEngine.pause (../html_ui/stormscope/engines/StormDetectionEngine.ts:81:13)

    console.info
      [StormDetectionEngine] Clearing all discharge points

      at DefaultStormDetectionEngine.clearAllPoints (../html_ui/stormscope/engines/StormDetectionEngine.ts:113:13)

    console.info
      [StormDetectionEngine] Destroyed

      at DefaultStormDetectionEngine.destroy (../html_ui/stormscope/engines/StormDetectionEngine.ts:124:13)

    console.info
      [StormDetectionEngine] Initializing...

      at DefaultStormDetectionEngine.init (../html_ui/stormscope/engines/StormDetectionEngine.ts:54:13)

    console.info
      [StormDetectionEngine] Clearing all discharge points

      at DefaultStormDetectionEngine.clearAllPoints (../html_ui/stormscope/engines/StormDetectionEngine.ts:113:13)

    console.info
      [StormDetectionEngine] Pausing detection

      at DefaultStormDetectionEngine.pause (../html_ui/stormscope/engines/StormDetectionEngine.ts:81:13)

    console.info
      [StormDetectionEngine] Clearing all discharge points

      at DefaultStormDetectionEngine.clearAllPoints (../html_ui/stormscope/engines/StormDetectionEngine.ts:113:13)

    console.info
      [StormDetectionEngine] Destroyed

      at DefaultStormDetectionEngine.destroy (../html_ui/stormscope/engines/StormDetectionEngine.ts:124:13)

    console.info
      [StormDetectionEngine] Initializing...

      at DefaultStormDetectionEngine.init (../html_ui/stormscope/engines/StormDetectionEngine.ts:54:13)

    console.info
      [StormDetectionEngine] Pausing detection

      at DefaultStormDetectionEngine.pause (../html_ui/stormscope/engines/StormDetectionEngine.ts:81:13)

    console.info
      [StormDetectionEngine] Clearing all discharge points

      at DefaultStormDetectionEngine.clearAllPoints (../html_ui/stormscope/engines/StormDetectionEngine.ts:113:13)

    console.info
      [StormDetectionEngine] Destroyed

      at DefaultStormDetectionEngine.destroy (../html_ui/stormscope/engines/StormDetectionEngine.ts:124:13)

    console.info
      [StormDetectionEngine] Initializing...

      at DefaultStormDetectionEngine.init (../html_ui/stormscope/engines/StormDetectionEngine.ts:54:13)

    console.info
      [StormDetectionEngine] Pausing detection

      at DefaultStormDetectionEngine.pause (../html_ui/stormscope/engines/StormDetectionEngine.ts:81:13)

    console.info
      [StormDetectionEngine] Clearing all discharge points

      at DefaultStormDetectionEngine.clearAllPoints (../html_ui/stormscope/engines/StormDetectionEngine.ts:113:13)

    console.info
      [StormDetectionEngine] Destroyed

      at DefaultStormDetectionEngine.destroy (../html_ui/stormscope/engines/StormDetectionEngine.ts:124:13)

    console.info
      [StormDetectionEngine] Initializing...

      at DefaultStormDetectionEngine.init (../html_ui/stormscope/engines/StormDetectionEngine.ts:54:13)

    console.info
      [StormDetectionEngine] Pausing detection

      at DefaultStormDetectionEngine.pause (../html_ui/stormscope/engines/StormDetectionEngine.ts:81:13)

    console.info
      [StormDetectionEngine] Clearing all discharge points

      at DefaultStormDetectionEngine.clearAllPoints (../html_ui/stormscope/engines/StormDetectionEngine.ts:113:13)

    console.info
      [StormDetectionEngine] Destroyed

      at DefaultStormDetectionEngine.destroy (../html_ui/stormscope/engines/StormDetectionEngine.ts:124:13)

    console.info
      [StormDetectionEngine] Clearing all discharge points

      at DefaultStormDetectionEngine.clearAllPoints (../html_ui/stormscope/engines/StormDetectionEngine.ts:113:13)

    console.info
      [StormDetectionEngine] Destroyed

      at DefaultStormDetectionEngine.destroy (../html_ui/stormscope/engines/StormDetectionEngine.ts:124:13)


Test Suites: 7 failed, 10 passed, 17 total
Tests:       6 failed, 143 passed, 149 total
Snapshots:   0 total
Time:        41.806 s
Ran all test suites.
